--- Install Mysql Server

sudo apt install mysql-server

sudo mysql_secure_installation

mysql -u root -p

--- Install Php Mysql

sudo apt install php-mysql

sudo systemctl restart php7.4-fpm

sudo systemctl restart apache2

cat /var/log/apache2/error.log

--- Create Test File

<?php

// mysqli
$mysqli = new mysqli("127.0.0.1", "dummy", "password", "test", 3306);

if ($mysqli->connect_errno) {
  echo "Falló el conectar a MySQL: (" . $mysqli->connect_errno . ") " . $mysqli->connect_error;
  throw new ErrorException("Falló el conectar la base de datos", 1001);
}

$result = $mysqli->query("SELECT 'Hi' AS message FROM DUAL");
$row = $result->fetch_assoc();
echo htmlentities($row['message']);

$mysqli->close();

?>

--- Create User

mysql> CREATE USER 'dummy'@'localhost' IDENTIFIED BY 'password';

mysql> GRANT ALL PRIVILEGES ON test . * TO 'dummy'@'localhost';

mysql> FLUSH PRIVILEGES;

sudo mysql test -u dummy -p

--- Reset Password

sudo systemctl stop mysql.service

sudo systemctl set-environment MYSQLD_OPTS="--skip-networking --skip-grant-tables"

sudo systemctl start mysql.service

sudo systemctl status mysql.service

sudo mysql -u root

mysql> flush privileges;

mysql> USE mysql

mysql> ALTER USER 'root'@'localhost' IDENTIFIED BY 'password';

mysql> quit;

sudo killall -u mysql

sudo systemctl restart mysql.service